===============================================================================
ELFWS version         : 1.1.0
Date                  : <date>
Log file              : some_log_file.log
Suppression Rule File : some_rule_file.yaml

Table of Contents:

  1.  Unsuppressed Warnings
  2.  Suppress Warnings
  3.  Unused Suppression Rules
  4.  Multiply Suppressed Warnings
  5.  Summary


-------------------------------------------------------------------------------
 1. Unsuppressed Warnings
-------------------------------------------------------------------------------

---------+---------+-----------------------------------------------------------
 ID      |  Line # | Warning Message
---------+---------+-----------------------------------------------------------
 456     |     20  | Some warning message
 456     |     20  | Some warning message
 456     |     20  | Some warning message
 456     |     20  | Some warning message
---------+---------+-----------------------------------------------------------


-------------------------------------------------------------------------------
 2. Suppressed Warnings
-------------------------------------------------------------------------------

~~~~~~~~~~~~~~~~~~~~~~~~~~~~~~~~~~~~~~~~~~~~~~~~~~~~~~~~~~~~~~~~~~~~~~~~~~~~~~~
Suppression Author  : jcleary
Suppression Comment : This is find because ...
Suppression Rule    : Some warning mess

---------+---------+-----------------------------------------------------------
 ID      |  Line # | Warning Message
---------+---------+-----------------------------------------------------------
 456     |     20  | Some warning message
 456     |     20  | Some warning message
 456     |     20  | Some warning message
 456     |     20  | Some warning message
---------+---------+-----------------------------------------------------------

~~~~~~~~~~~~~~~~~~~~~~~~~~~~~~~~~~~~~~~~~~~~~~~~~~~~~~~~~~~~~~~~~~~~~~~~~~~~~~~
Suppression Author  : jcleary
Suppression Comment : This is also good because...
Suppression Rule    : Some other

---------+---------+-----------------------------------------------------------
 ID      |  Line # | Warning Message
---------+---------+-----------------------------------------------------------
 456     |     20  | Some warning message
 456     |     20  | Some warning message
 456     |     20  | Some warning message
 456     |     20  | Some warning message
---------+---------+-----------------------------------------------------------

-------------------------------------------------------------------------------
 3. Unused Suppression Rules
-------------------------------------------------------------------------------

------------+---------+------------------+-------------------------------------
 Warning ID | Author  |  Rule            | Comment
------------+---------+------------------+-------------------------------------
 CMD001     | jcleary |.*Some.*          | This is good because...
 PAR3456    | jdoe    | .*Some warning.* | This is also good because...
------------+---------+------------------+-------------------------------------

-------------------------------------------------------------------------------
 4. Multiply Suppressed Warnings
-------------------------------------------------------------------------------

~~~~~~~~~~~~~~~~~~~~~~~~~~~~~~~~~~~~~~~~~~~~~~~~~~~~~~~~~~~~~~~~~~~~~~~~~~~~~~~
Warning ID : 456
Line Number : 54
Message : Some warning message

---------+------------------+--------------------------------------------------
 Author  |  Rule            | Comment
---------+------------------+--------------------------------------------------
 jcleary |.*Some.*          | This is good because...
 jdoe    | .*Some warning.* | This is also good because...
---------+------------------+--------------------------------------------------

-------------------------------------------------------------------------------
 5. Summary
-------------------------------------------------------------------------------

Suppression Rules            :  24
Unused Suppression Rules     :   4

Total Warnings               : 200
Suppressed Warnings          : 196
Unsuppressed Warnings        :   4
Multiply Suppressed Warnings :   2

===============================================================================
