===============================================================================
ELFWS version         : 1.1.0
Date                  : <date>
Log file              : some_log_file.log
Suppression Rule File : some_rule_file.yaml

Table of Contents:

  1.  Unsuppressed Warnings
  2.  Suppress Warnings
  3.  Unused Suppression Rules
  4.  Multiply Suppressed Warnings
  5.  Summary


-------------------------------------------------------------------------------
 1. Unsuppressed Warnings
-------------------------------------------------------------------------------

---------+---------+-----------------------------------------------------------
 ID      |  Line # | Warning Message
---------+---------+-----------------------------------------------------------
 456     |     20  | Some warning message
 456     |     20  | Some warning message
 456     |     20  | Some warning message
 456     |     20  | Some warning message
---------+---------+-----------------------------------------------------------


-------------------------------------------------------------------------------
 2. Suppressed Warnings
-------------------------------------------------------------------------------

~~~~~~~~~~~~~~~~~~~~~~~~~~~~~~~~~~~~~~~~~~~~~~~~~~~~~~~~~~~~~~~~~~~~~~~~~~~~~~~
Suppression Author  : jcleary
Suppression Comment : This is find because ...
Suppression Rule    : Some warning mess

---------+---------+-----------------------------------------------------------
 ID      |  Line # | Warning Message
---------+---------+-----------------------------------------------------------
 456     |     20  | Some warning message
 456     |     20  | Some warning message
 456     |     20  | Some warning message
 456     |     20  | Some warning message
---------+---------+-----------------------------------------------------------

~~~~~~~~~~~~~~~~~~~~~~~~~~~~~~~~~~~~~~~~~~~~~~~~~~~~~~~~~~~~~~~~~~~~~~~~~~~~~~~
Suppression Author  : jcleary
Suppression Comment : This is also good because...
Suppression Rule    : Some other

---------+---------+-----------------------------------------------------------
 ID      |  Line # | Warning Message
---------+---------+-----------------------------------------------------------
 456     |     20  | Some warning message
 456     |     20  | Some warning message
 456     |     20  | Some warning message
 456     |     20  | Some warning message
---------+---------+-----------------------------------------------------------

-------------------------------------------------------------------------------
 3. Unused Suppression Rules
-------------------------------------------------------------------------------

Warning ID: CMD001
Author    : jcleary
Rule      : .*Some.*
Comment   : This is good because...

Warning ID: PAR3456
Author    : jdoe
Rule      : .*Some warning.*
Comment   : This is also good because...

-------------------------------------------------------------------------------
 4. Multiply Suppressed Warnings
-------------------------------------------------------------------------------

~~~~~~~~~~~~~~~~~~~~~~~~~~~~~~~~~~~~~~~~~~~~~~~~~~~~~~~~~~~~~~~~~~~~~~~~~~~~~~~
Warning ID : 456
Line Number : 54
Message : Some warning message

  Warning ID : 456
  Rule       : Some
  Author     : jcleary
  Comment    : This is good because...

  Warning ID : 456
  Rule       : Some warning
  Author     : jdoe
  Comment    : This is also good because...

-------------------------------------------------------------------------------
 5. Summary
-------------------------------------------------------------------------------

  Suppression Rules:
    Total                    :  24
    Unused                   :   4

  Warnings:
    Total                    : 200
    Suppressed               : 196
    Unsuppressed             :   4
    Multiply Suppressed      :   2

===============================================================================
